// Jest Snapshot v1, https://goo.gl/fbAQLP

exports[`renders lyrics card component correctly 1`] = `
<View
  accessible={true}
  focusable={true}
  onClick={[Function]}
  onResponderGrant={[Function]}
  onResponderMove={[Function]}
  onResponderRelease={[Function]}
  onResponderTerminate={[Function]}
  onResponderTerminationRequest={[Function]}
  onStartShouldSetResponder={[Function]}
  style={
    Object {
      "backgroundColor": "rgba(255, 255, 255, 1)",
      "borderRadius": 5,
      "flexDirection": "column",
      "marginVertical": 15,
      "opacity": 1,
      "padding": 16,
      "width": "100%",
    }
  }
>
  <Text
    style={
      Object {
        "color": "rgba(69, 69, 69, 1)",
        "fontFamily": "Nunito-Bold",
        "fontSize": 16,
        "lineHeight": 22,
      }
    }
  >
    Viva La Vida
  </Text>
  <Text
    style={
      Object {
        "color": "rgba(69, 69, 69, 1)",
        "fontFamily": "Nunito-Bold",
        "fontSize": 14,
        "lineHeight": 22,
      }
    }
  >
    Coldplay
  </Text>
  <Text
    ellipsizeMode="tail"
    numberOfLines={1}
    style={
      Object {
        "color": "rgba(106, 106, 106, 1)",
        "fontFamily": "Nunito-Regular",
        "fontSize": 14,
        "lineHeight": 22,
      }
    }
  >
    I used to rule the world Seas ...
  </Text>
</View>
`;
